Java HotSpot(TM) 64-Bit Server VM (25.171-b11) for windows-amd64 JRE (1.8.0_171-b11), built on Mar 28 2018 16:06:12 by "java_re" with MS VC++ 10.0 (VS2010)
Memory: 4k page, physical 8306596k(2323232k free), swap 28229540k(14133156k free)
CommandLine flags: -XX:InitialHeapSize=536870912 -XX:MaxHeapSize=536870912 -XX:MaxNewSize=178958336 -XX:MaxTenuringThreshold=6 -XX:NewSize=178958336 -XX:OldPLABSize=16 -XX:OldSize=357912576 -XX:+PrintGC -XX:+PrintGCDateStamps -XX:+PrintGCDetails -XX:+PrintGCTimeStamps -XX:+UseCompressedClassPointers -XX:+UseCompressedOops -XX:+UseConcMarkSweepGC -XX:-UseLargePagesIndividualAllocation -XX:+UseParNewGC 
2020-10-26T00:33:29.577+0800: 0.180: [GC (Allocation Failure) 2020-10-26T00:33:29.577+0800: 0.180: [ParNew: 139776K->17471K(157248K), 0.0119053 secs] 139776K->43708K(506816K), 0.0120768 secs] [Times: user=0.00 sys=0.06, real=0.01 secs] 
2020-10-26T00:33:29.615+0800: 0.218: [GC (Allocation Failure) 2020-10-26T00:33:29.615+0800: 0.218: [ParNew: 157226K->17472K(157248K), 0.0142097 secs] 183463K->82446K(506816K), 0.0142793 secs] [Times: user=0.01 sys=0.03, real=0.01 secs] 
2020-10-26T00:33:29.652+0800: 0.255: [GC (Allocation Failure) 2020-10-26T00:33:29.652+0800: 0.255: [ParNew: 157248K->17472K(157248K), 0.0214034 secs] 222222K->121634K(506816K), 0.0214777 secs] [Times: user=0.06 sys=0.00, real=0.02 secs] 
2020-10-26T00:33:29.696+0800: 0.299: [GC (Allocation Failure) 2020-10-26T00:33:29.696+0800: 0.299: [ParNew: 157248K->17472K(157248K), 0.0251564 secs] 261410K->170616K(506816K), 0.0252451 secs] [Times: user=0.06 sys=0.00, real=0.02 secs] 
2020-10-26T00:33:29.742+0800: 0.346: [GC (Allocation Failure) 2020-10-26T00:33:29.742+0800: 0.346: [ParNew: 157248K->17472K(157248K), 0.0273015 secs] 310392K->222592K(506816K), 0.0273622 secs] [Times: user=0.09 sys=0.03, real=0.03 secs] 
2020-10-26T00:33:29.770+0800: 0.373: [GC (CMS Initial Mark) [1 CMS-initial-mark: 205120K(349568K)] 222953K(506816K), 0.0001683 secs] [Times: user=0.00 sys=0.00, real=0.00 secs] 
2020-10-26T00:33:29.770+0800: 0.374: [CMS-concurrent-mark-start]
2020-10-26T00:33:29.776+0800: 0.379: [CMS-concurrent-mark: 0.005/0.005 secs] [Times: user=0.00 sys=0.00, real=0.01 secs] 
2020-10-26T00:33:29.776+0800: 0.379: [CMS-concurrent-preclean-start]
2020-10-26T00:33:29.776+0800: 0.380: [CMS-concurrent-preclean: 0.000/0.000 secs] [Times: user=0.00 sys=0.00, real=0.00 secs] 
2020-10-26T00:33:29.776+0800: 0.380: [CMS-concurrent-abortable-preclean-start]
2020-10-26T00:33:29.793+0800: 0.396: [GC (Allocation Failure) 2020-10-26T00:33:29.793+0800: 0.396: [ParNew: 157248K->17472K(157248K), 0.0260805 secs] 362368K->270983K(506816K), 0.0261426 secs] [Times: user=0.11 sys=0.02, real=0.03 secs] 
2020-10-26T00:33:29.840+0800: 0.443: [GC (Allocation Failure) 2020-10-26T00:33:29.840+0800: 0.443: [ParNew: 157220K->17472K(157248K), 0.0258019 secs] 410731K->319242K(506816K), 0.0258623 secs] [Times: user=0.09 sys=0.03, real=0.03 secs] 
2020-10-26T00:33:29.888+0800: 0.491: [GC (Allocation Failure) 2020-10-26T00:33:29.888+0800: 0.491: [ParNew: 157248K->157248K(157248K), 0.0000167 secs]2020-10-26T00:33:29.888+0800: 0.491: [CMS2020-10-26T00:33:29.888+0800: 0.491: [CMS-concurrent-abortable-preclean: 0.003/0.111 secs] [Times: user=0.23 sys=0.05, real=0.11 secs] 
 (concurrent mode failure): 301770K->254616K(349568K), 0.0487241 secs] 459018K->254616K(506816K), [Metaspace: 2617K->2617K(1056768K)], 0.0488167 secs] [Times: user=0.05 sys=0.00, real=0.05 secs] 
2020-10-26T00:33:29.959+0800: 0.562: [GC (Allocation Failure) 2020-10-26T00:33:29.959+0800: 0.562: [ParNew: 139776K->17472K(157248K), 0.0095370 secs] 394392K->300345K(506816K), 0.0095990 secs] [Times: user=0.00 sys=0.00, real=0.01 secs] 
2020-10-26T00:33:29.969+0800: 0.572: [GC (CMS Initial Mark) [1 CMS-initial-mark: 282873K(349568K)] 303343K(506816K), 0.0001820 secs] [Times: user=0.00 sys=0.00, real=0.00 secs] 
2020-10-26T00:33:29.969+0800: 0.572: [CMS-concurrent-mark-start]
2020-10-26T00:33:29.971+0800: 0.574: [CMS-concurrent-mark: 0.002/0.002 secs] [Times: user=0.00 sys=0.00, real=0.00 secs] 
2020-10-26T00:33:29.971+0800: 0.574: [CMS-concurrent-preclean-start]
2020-10-26T00:33:29.972+0800: 0.575: [CMS-concurrent-preclean: 0.001/0.001 secs] [Times: user=0.00 sys=0.00, real=0.00 secs] 
2020-10-26T00:33:29.972+0800: 0.575: [CMS-concurrent-abortable-preclean-start]
2020-10-26T00:33:29.991+0800: 0.595: [GC (Allocation Failure) 2020-10-26T00:33:29.991+0800: 0.595: [ParNew: 157248K->17472K(157248K), 0.0171118 secs] 440121K->339369K(506816K), 0.0171729 secs] [Times: user=0.06 sys=0.00, real=0.02 secs] 
2020-10-26T00:33:30.031+0800: 0.635: [GC (Allocation Failure) 2020-10-26T00:33:30.031+0800: 0.635: [ParNew: 156660K->156660K(157248K), 0.0000168 secs]2020-10-26T00:33:30.031+0800: 0.635: [CMS2020-10-26T00:33:30.031+0800: 0.635: [CMS-concurrent-abortable-preclean: 0.002/0.060 secs] [Times: user=0.13 sys=0.00, real=0.06 secs] 
 (concurrent mode failure): 321897K->286725K(349568K), 0.0595126 secs] 478558K->286725K(506816K), [Metaspace: 2617K->2617K(1056768K)], 0.0595993 secs] [Times: user=0.06 sys=0.00, real=0.06 secs] 
2020-10-26T00:33:30.115+0800: 0.718: [GC (Allocation Failure) 2020-10-26T00:33:30.115+0800: 0.718: [ParNew: 139776K->17472K(157248K), 0.0081584 secs] 426501K->328723K(506816K), 0.0082134 secs] [Times: user=0.00 sys=0.00, real=0.01 secs] 
2020-10-26T00:33:30.124+0800: 0.727: [GC (CMS Initial Mark) [1 CMS-initial-mark: 311251K(349568K)] 332098K(506816K), 0.0001343 secs] [Times: user=0.00 sys=0.00, real=0.00 secs] 
2020-10-26T00:33:30.124+0800: 0.727: [CMS-concurrent-mark-start]
2020-10-26T00:33:30.126+0800: 0.729: [CMS-concurrent-mark: 0.002/0.002 secs] [Times: user=0.00 sys=0.00, real=0.00 secs] 
2020-10-26T00:33:30.126+0800: 0.729: [CMS-concurrent-preclean-start]
2020-10-26T00:33:30.127+0800: 0.730: [CMS-concurrent-preclean: 0.000/0.000 secs] [Times: user=0.00 sys=0.00, real=0.00 secs] 
2020-10-26T00:33:30.127+0800: 0.730: [CMS-concurrent-abortable-preclean-start]
2020-10-26T00:33:30.146+0800: 0.750: [GC (Allocation Failure) 2020-10-26T00:33:30.146+0800: 0.750: [ParNew (promotion failed): 157248K->157248K(157248K), 0.0256801 secs]2020-10-26T00:33:30.172+0800: 0.775: [CMS2020-10-26T00:33:30.172+0800: 0.775: [CMS-concurrent-abortable-preclean: 0.000/0.046 secs] [Times: user=0.08 sys=0.01, real=0.04 secs] 
 (concurrent mode failure): 349080K->300714K(349568K), 0.0605475 secs] 468499K->300714K(506816K), [Metaspace: 2617K->2617K(1056768K)], 0.0863167 secs] [Times: user=0.11 sys=0.01, real=0.09 secs] 
2020-10-26T00:33:30.255+0800: 0.858: [GC (Allocation Failure) 2020-10-26T00:33:30.255+0800: 0.858: [ParNew: 139776K->17472K(157248K), 0.0103578 secs] 440490K->354186K(506816K), 0.0104202 secs] [Times: user=0.00 sys=0.00, real=0.01 secs] 
2020-10-26T00:33:30.266+0800: 0.869: [GC (CMS Initial Mark) [1 CMS-initial-mark: 336714K(349568K)] 354741K(506816K), 0.0002795 secs] [Times: user=0.00 sys=0.00, real=0.00 secs] 
2020-10-26T00:33:30.266+0800: 0.869: [CMS-concurrent-mark-start]
2020-10-26T00:33:30.268+0800: 0.871: [CMS-concurrent-mark: 0.002/0.002 secs] [Times: user=0.00 sys=0.00, real=0.00 secs] 
2020-10-26T00:33:30.268+0800: 0.871: [CMS-concurrent-preclean-start]
2020-10-26T00:33:30.269+0800: 0.872: [CMS-concurrent-preclean: 0.001/0.001 secs] [Times: user=0.03 sys=0.00, real=0.00 secs] 
2020-10-26T00:33:30.269+0800: 0.872: [CMS-concurrent-abortable-preclean-start]
2020-10-26T00:33:30.269+0800: 0.872: [CMS-concurrent-abortable-preclean: 0.000/0.000 secs] [Times: user=0.00 sys=0.00, real=0.00 secs] 
2020-10-26T00:33:30.269+0800: 0.872: [GC (CMS Final Remark) [YG occupancy: 39258 K (157248 K)]2020-10-26T00:33:30.269+0800: 0.872: [Rescan (parallel) , 0.0004318 secs]2020-10-26T00:33:30.270+0800: 0.873: [weak refs processing, 0.0000232 secs]2020-10-26T00:33:30.270+0800: 0.873: [class unloading, 0.0002116 secs]2020-10-26T00:33:30.270+0800: 0.873: [scrub symbol table, 0.0002856 secs]2020-10-26T00:33:30.270+0800: 0.873: [scrub string table, 0.0000864 secs][1 CMS-remark: 336714K(349568K)] 375973K(506816K), 0.0011146 secs] [Times: user=0.00 sys=0.00, real=0.00 secs] 
2020-10-26T00:33:30.270+0800: 0.873: [CMS-concurrent-sweep-start]
2020-10-26T00:33:30.271+0800: 0.874: [CMS-concurrent-sweep: 0.001/0.001 secs] [Times: user=0.00 sys=0.00, real=0.00 secs] 
2020-10-26T00:33:30.271+0800: 0.874: [CMS-concurrent-reset-start]
2020-10-26T00:33:30.271+0800: 0.875: [CMS-concurrent-reset: 0.000/0.000 secs] [Times: user=0.00 sys=0.00, real=0.00 secs] 
2020-10-26T00:33:30.291+0800: 0.894: [GC (Allocation Failure) 2020-10-26T00:33:30.291+0800: 0.894: [ParNew: 156848K->17472K(157248K), 0.0127258 secs] 453678K->360866K(506816K), 0.0127973 secs] [Times: user=0.06 sys=0.00, real=0.01 secs] 
2020-10-26T00:33:30.304+0800: 0.907: [GC (CMS Initial Mark) [1 CMS-initial-mark: 343394K(349568K)] 361407K(506816K), 0.0002024 secs] [Times: user=0.00 sys=0.00, real=0.00 secs] 
2020-10-26T00:33:30.304+0800: 0.907: [CMS-concurrent-mark-start]
2020-10-26T00:33:30.307+0800: 0.910: [CMS-concurrent-mark: 0.003/0.003 secs] [Times: user=0.00 sys=0.00, real=0.00 secs] 
2020-10-26T00:33:30.307+0800: 0.910: [CMS-concurrent-preclean-start]
2020-10-26T00:33:30.307+0800: 0.910: [CMS-concurrent-preclean: 0.000/0.000 secs] [Times: user=0.00 sys=0.00, real=0.00 secs] 
2020-10-26T00:33:30.308+0800: 0.910: [CMS-concurrent-abortable-preclean-start]
2020-10-26T00:33:30.308+0800: 0.910: [CMS-concurrent-abortable-preclean: 0.000/0.000 secs] [Times: user=0.00 sys=0.00, real=0.00 secs] 
2020-10-26T00:33:30.308+0800: 0.911: [GC (CMS Final Remark) [YG occupancy: 42717 K (157248 K)]2020-10-26T00:33:30.308+0800: 0.911: [Rescan (parallel) , 0.0003241 secs]2020-10-26T00:33:30.308+0800: 0.911: [weak refs processing, 0.0000233 secs]2020-10-26T00:33:30.308+0800: 0.911: [class unloading, 0.0002362 secs]2020-10-26T00:33:30.308+0800: 0.911: [scrub symbol table, 0.0004675 secs]2020-10-26T00:33:30.309+0800: 0.912: [scrub string table, 0.0000977 secs][1 CMS-remark: 343394K(349568K)] 386112K(506816K), 0.0012176 secs] [Times: user=0.00 sys=0.00, real=0.00 secs] 
2020-10-26T00:33:30.309+0800: 0.912: [CMS-concurrent-sweep-start]
2020-10-26T00:33:30.310+0800: 0.913: [CMS-concurrent-sweep: 0.001/0.001 secs] [Times: user=0.00 sys=0.00, real=0.00 secs] 
2020-10-26T00:33:30.310+0800: 0.913: [CMS-concurrent-reset-start]
2020-10-26T00:33:30.310+0800: 0.913: [CMS-concurrent-reset: 0.000/0.000 secs] [Times: user=0.00 sys=0.00, real=0.00 secs] 
2020-10-26T00:33:30.328+0800: 0.931: [GC (Allocation Failure) 2020-10-26T00:33:30.328+0800: 0.931: [ParNew: 157084K->157084K(157248K), 0.0000161 secs]2020-10-26T00:33:30.328+0800: 0.931: [CMS: 305491K->330733K(349568K), 0.0633493 secs] 462575K->330733K(506816K), [Metaspace: 2617K->2617K(1056768K)], 0.0634374 secs] [Times: user=0.06 sys=0.00, real=0.06 secs] 
2020-10-26T00:33:30.392+0800: 0.994: [GC (CMS Initial Mark) [1 CMS-initial-mark: 330733K(349568K)] 330928K(506816K), 0.0002074 secs] [Times: user=0.00 sys=0.00, real=0.00 secs] 
2020-10-26T00:33:30.392+0800: 0.995: [CMS-concurrent-mark-start]
2020-10-26T00:33:30.394+0800: 0.997: [CMS-concurrent-mark: 0.002/0.002 secs] [Times: user=0.00 sys=0.00, real=0.00 secs] 
2020-10-26T00:33:30.394+0800: 0.997: [CMS-concurrent-preclean-start]
2020-10-26T00:33:30.395+0800: 0.998: [CMS-concurrent-preclean: 0.001/0.001 secs] [Times: user=0.03 sys=0.00, real=0.00 secs] 
2020-10-26T00:33:30.395+0800: 0.998: [CMS-concurrent-abortable-preclean-start]
2020-10-26T00:33:30.395+0800: 0.998: [CMS-concurrent-abortable-preclean: 0.000/0.000 secs] [Times: user=0.00 sys=0.00, real=0.00 secs] 
2020-10-26T00:33:30.395+0800: 0.998: [GC (CMS Final Remark) [YG occupancy: 18899 K (157248 K)]2020-10-26T00:33:30.395+0800: 0.998: [Rescan (parallel) , 0.0002807 secs]2020-10-26T00:33:30.395+0800: 0.998: [weak refs processing, 0.0000116 secs]2020-10-26T00:33:30.396+0800: 0.998: [class unloading, 0.0003995 secs]2020-10-26T00:33:30.396+0800: 0.999: [scrub symbol table, 0.0003834 secs]2020-10-26T00:33:30.396+0800: 0.999: [scrub string table, 0.0000887 secs][1 CMS-remark: 330733K(349568K)] 349632K(506816K), 0.0013298 secs] [Times: user=0.00 sys=0.00, real=0.00 secs] 
2020-10-26T00:33:30.397+0800: 0.999: [CMS-concurrent-sweep-start]
2020-10-26T00:33:30.397+0800: 1.000: [CMS-concurrent-sweep: 0.001/0.001 secs] [Times: user=0.00 sys=0.00, real=0.00 secs] 
2020-10-26T00:33:30.398+0800: 1.000: [CMS-concurrent-reset-start]
2020-10-26T00:33:30.398+0800: 1.001: [CMS-concurrent-reset: 0.001/0.001 secs] [Times: user=0.00 sys=0.00, real=0.00 secs] 
2020-10-26T00:33:30.421+0800: 1.024: [GC (Allocation Failure) 2020-10-26T00:33:30.421+0800: 1.024: [ParNew: 139776K->139776K(157248K), 0.0000171 secs]2020-10-26T00:33:30.421+0800: 1.024: [CMS: 329790K->339805K(349568K), 0.0714210 secs] 469566K->339805K(506816K), [Metaspace: 2617K->2617K(1056768K)], 0.0715098 secs] [Times: user=0.08 sys=0.00, real=0.07 secs] 
2020-10-26T00:33:30.492+0800: 1.096: [GC (CMS Initial Mark) [1 CMS-initial-mark: 339805K(349568K)] 340093K(506816K), 0.0001727 secs] [Times: user=0.00 sys=0.00, real=0.00 secs] 
2020-10-26T00:33:30.493+0800: 1.096: [CMS-concurrent-mark-start]
Heap
 par new generation   total 157248K, used 5863K [0x00000000e0000000, 0x00000000eaaa0000, 0x00000000eaaa0000)
  eden space 139776K,   4% used [0x00000000e0000000, 0x00000000e05b9e88, 0x00000000e8880000)
  from space 17472K,   0% used [0x00000000e9990000, 0x00000000e9990000, 0x00000000eaaa0000)
  to   space 17472K,   0% used [0x00000000e8880000, 0x00000000e8880000, 0x00000000e9990000)
 concurrent mark-sweep generation total 349568K, used 339805K [0x00000000eaaa0000, 0x0000000100000000, 0x0000000100000000)
 Metaspace       used 2624K, capacity 4486K, committed 4864K, reserved 1056768K
  class space    used 290K, capacity 386K, committed 512K, reserved 1048576K
