Java HotSpot(TM) 64-Bit Server VM (25.171-b11) for windows-amd64 JRE (1.8.0_171-b11), built on Mar 28 2018 16:06:12 by "java_re" with MS VC++ 10.0 (VS2010)
Memory: 4k page, physical 8306596k(1819360k free), swap 28229540k(12227072k free)
CommandLine flags: -XX:InitialHeapSize=536870912 -XX:MaxHeapSize=536870912 -XX:+PrintGC -XX:+PrintGCDateStamps -XX:+PrintGCTimeStamps -XX:+UseCompressedClassPointers -XX:+UseCompressedOops -XX:+UseG1GC -XX:-UseLargePagesIndividualAllocation 
2020-10-27T23:05:33.726+0800: 0.739: [GC pause (G1 Evacuation Pause) (young) 33M->13M(512M), 0.0044283 secs]
2020-10-27T23:05:33.739+0800: 0.752: [GC pause (G1 Evacuation Pause) (young) 38M->20M(512M), 0.0037242 secs]
2020-10-27T23:05:33.752+0800: 0.767: [GC pause (G1 Evacuation Pause) (young) 46M->27M(512M), 0.0032756 secs]
2020-10-27T23:05:33.782+0800: 0.796: [GC pause (G1 Evacuation Pause) (young) 74M->42M(512M), 0.0049240 secs]
2020-10-27T23:05:33.804+0800: 0.818: [GC pause (G1 Evacuation Pause) (young) 98M->60M(512M), 0.0057354 secs]
2020-10-27T23:05:33.866+0800: 0.880: [GC pause (G1 Evacuation Pause) (young) 196M->101M(512M), 0.0113140 secs]
2020-10-27T23:05:33.898+0800: 0.912: [GC pause (G1 Evacuation Pause) (young) 194M->134M(512M), 0.0089151 secs]
2020-10-27T23:05:33.997+0800: 1.011: [GC pause (G1 Evacuation Pause) (young) 377M->207M(512M), 0.0196237 secs]
2020-10-27T23:05:34.030+0800: 1.043: [GC pause (G1 Humongous Allocation) (young) (initial-mark) 264M->221M(512M), 0.0083642 secs]
2020-10-27T23:05:34.038+0800: 1.051: [GC concurrent-root-region-scan-start]
2020-10-27T23:05:34.039+0800: 1.052: [GC concurrent-root-region-scan-end, 0.0009203 secs]
2020-10-27T23:05:34.039+0800: 1.052: [GC concurrent-mark-start]
2020-10-27T23:05:34.042+0800: 1.055: [GC concurrent-mark-end, 0.0027794 secs]
2020-10-27T23:05:34.042+0800: 1.055: [GC remark, 0.0010809 secs]
2020-10-27T23:05:34.043+0800: 1.056: [GC cleanup 244M->244M(512M), 0.0003022 secs]
2020-10-27T23:05:34.081+0800: 1.094: [GC pause (G1 Evacuation Pause) (young)-- 411M->304M(512M), 0.0092516 secs]
2020-10-27T23:05:34.092+0800: 1.105: [GC pause (G1 Evacuation Pause) (mixed) 310M->293M(512M), 0.0072907 secs]
2020-10-27T23:05:34.100+0800: 1.113: [GC pause (G1 Humongous Allocation) (young) (initial-mark) 296M->293M(512M), 0.0009157 secs]
2020-10-27T23:05:34.101+0800: 1.114: [GC concurrent-root-region-scan-start]
2020-10-27T23:05:34.101+0800: 1.114: [GC concurrent-root-region-scan-end, 0.0000937 secs]
2020-10-27T23:05:34.101+0800: 1.114: [GC concurrent-mark-start]
2020-10-27T23:05:34.104+0800: 1.117: [GC concurrent-mark-end, 0.0031860 secs]
2020-10-27T23:05:34.104+0800: 1.118: [GC remark, 0.0011458 secs]
2020-10-27T23:05:34.106+0800: 1.119: [GC cleanup 310M->309M(512M), 0.0003482 secs]
2020-10-27T23:05:34.106+0800: 1.119: [GC concurrent-cleanup-start]
2020-10-27T23:05:34.106+0800: 1.119: [GC concurrent-cleanup-end, 0.0000104 secs]
2020-10-27T23:05:34.125+0800: 1.139: [GC pause (G1 Evacuation Pause) (young) 413M->331M(512M), 0.0071599 secs]
2020-10-27T23:05:34.134+0800: 1.149: [GC pause (G1 Evacuation Pause) (mixed) 347M->293M(512M), 0.0062764 secs]
2020-10-27T23:05:34.146+0800: 1.160: [GC pause (G1 Evacuation Pause) (mixed) 319M->283M(512M), 0.0050437 secs]
2020-10-27T23:05:34.152+0800: 1.166: [GC pause (G1 Humongous Allocation) (young) (initial-mark) 287M->285M(512M), 0.0013823 secs]
2020-10-27T23:05:34.153+0800: 1.167: [GC concurrent-root-region-scan-start]
2020-10-27T23:05:34.153+0800: 1.167: [GC concurrent-root-region-scan-end, 0.0001083 secs]
2020-10-27T23:05:34.153+0800: 1.167: [GC concurrent-mark-start]
2020-10-27T23:05:34.156+0800: 1.170: [GC concurrent-mark-end, 0.0028457 secs]
2020-10-27T23:05:34.156+0800: 1.170: [GC remark, 0.0014084 secs]
2020-10-27T23:05:34.158+0800: 1.172: [GC cleanup 305M->305M(512M), 0.0002948 secs]
2020-10-27T23:05:34.180+0800: 1.194: [GC pause (G1 Evacuation Pause) (young)-- 428M->369M(512M), 0.0053117 secs]
2020-10-27T23:05:34.189+0800: 1.203: [GC pause (G1 Evacuation Pause) (mixed) 383M->350M(512M), 0.0075558 secs]
2020-10-27T23:05:34.199+0800: 1.213: [GC pause (G1 Humongous Allocation) (young) (initial-mark) 360M->353M(512M), 0.0015648 secs]
2020-10-27T23:05:34.200+0800: 1.214: [GC concurrent-root-region-scan-start]
2020-10-27T23:05:34.201+0800: 1.215: [GC concurrent-root-region-scan-end, 0.0001315 secs]
2020-10-27T23:05:34.201+0800: 1.215: [GC concurrent-mark-start]
2020-10-27T23:05:34.204+0800: 1.218: [GC concurrent-mark-end, 0.0033835 secs]
2020-10-27T23:05:34.204+0800: 1.218: [GC remark, 0.0013017 secs]
2020-10-27T23:05:34.205+0800: 1.220: [GC cleanup 373M->371M(512M), 0.0003247 secs]
2020-10-27T23:05:34.206+0800: 1.220: [GC concurrent-cleanup-start]
2020-10-27T23:05:34.206+0800: 1.220: [GC concurrent-cleanup-end, 0.0000094 secs]
2020-10-27T23:05:34.213+0800: 1.227: [GC pause (G1 Evacuation Pause) (young) 414M->369M(512M), 0.0047084 secs]
2020-10-27T23:05:34.223+0800: 1.237: [GC pause (G1 Evacuation Pause) (mixed) 392M->332M(512M), 0.0053055 secs]
2020-10-27T23:05:34.233+0800: 1.247: [GC pause (G1 Evacuation Pause) (mixed) 359M->319M(512M), 0.0071765 secs]
2020-10-27T23:05:34.242+0800: 1.256: [GC pause (G1 Humongous Allocation) (young) (initial-mark) 328M->322M(512M), 0.0023028 secs]
2020-10-27T23:05:34.244+0800: 1.258: [GC concurrent-root-region-scan-start]
2020-10-27T23:05:34.245+0800: 1.259: [GC concurrent-root-region-scan-end, 0.0001727 secs]
2020-10-27T23:05:34.245+0800: 1.259: [GC concurrent-mark-start]
2020-10-27T23:05:34.249+0800: 1.263: [GC concurrent-mark-end, 0.0039689 secs]
2020-10-27T23:05:34.249+0800: 1.263: [GC remark, 0.0012724 secs]
2020-10-27T23:05:34.250+0800: 1.264: [GC cleanup 342M->342M(512M), 0.0002788 secs]
2020-10-27T23:05:34.262+0800: 1.276: [GC pause (G1 Evacuation Pause) (young) 402M->343M(512M), 0.0063672 secs]
2020-10-27T23:05:34.272+0800: 1.286: [GC pause (G1 Evacuation Pause) (mixed) 362M->327M(512M), 0.0078256 secs]
2020-10-27T23:05:34.281+0800: 1.295: [GC pause (G1 Humongous Allocation) (young) (initial-mark) 334M->328M(512M), 0.0014985 secs]
2020-10-27T23:05:34.283+0800: 1.297: [GC concurrent-root-region-scan-start]
2020-10-27T23:05:34.283+0800: 1.297: [GC concurrent-root-region-scan-end, 0.0001107 secs]
2020-10-27T23:05:34.283+0800: 1.297: [GC concurrent-mark-start]
2020-10-27T23:05:34.286+0800: 1.300: [GC concurrent-mark-end, 0.0034355 secs]
2020-10-27T23:05:34.286+0800: 1.300: [GC remark, 0.0014981 secs]
2020-10-27T23:05:34.288+0800: 1.302: [GC cleanup 351M->351M(512M), 0.0003006 secs]
2020-10-27T23:05:34.298+0800: 1.312: [GC pause (G1 Evacuation Pause) (young) 405M->355M(512M), 0.0056966 secs]
2020-10-27T23:05:34.309+0800: 1.323: [GC pause (G1 Evacuation Pause) (mixed) 379M->347M(512M), 0.0068305 secs]
2020-10-27T23:05:34.317+0800: 1.331: [GC pause (G1 Humongous Allocation) (young) (initial-mark) 353M->348M(512M), 0.0019428 secs]
2020-10-27T23:05:34.319+0800: 1.333: [GC concurrent-root-region-scan-start]
2020-10-27T23:05:34.319+0800: 1.333: [GC concurrent-root-region-scan-end, 0.0001833 secs]
2020-10-27T23:05:34.319+0800: 1.333: [GC concurrent-mark-start]
2020-10-27T23:05:34.324+0800: 1.337: [GC concurrent-mark-end, 0.0044973 secs]
2020-10-27T23:05:34.324+0800: 1.337: [GC remark, 0.0014330 secs]
2020-10-27T23:05:34.325+0800: 1.339: [GC cleanup 371M->371M(512M), 0.0003787 secs]
2020-10-27T23:05:34.333+0800: 1.347: [GC pause (G1 Evacuation Pause) (young) 407M->362M(512M), 0.0038868 secs]
2020-10-27T23:05:34.342+0800: 1.356: [GC pause (G1 Evacuation Pause) (mixed) 389M->354M(512M), 0.0064350 secs]
2020-10-27T23:05:34.353+0800: 1.367: [GC pause (G1 Evacuation Pause) (mixed) 381M->352M(512M), 0.0060244 secs]
2020-10-27T23:05:34.364+0800: 1.378: [GC pause (G1 Evacuation Pause) (mixed) 381M->359M(512M), 0.0033575 secs]
2020-10-27T23:05:34.368+0800: 1.381: [GC pause (G1 Humongous Allocation) (young) (initial-mark) 361M->359M(512M), 0.0013277 secs]
2020-10-27T23:05:34.369+0800: 1.383: [GC concurrent-root-region-scan-start]
2020-10-27T23:05:34.369+0800: 1.383: [GC concurrent-root-region-scan-end, 0.0001723 secs]
2020-10-27T23:05:34.369+0800: 1.383: [GC concurrent-mark-start]
2020-10-27T23:05:34.373+0800: 1.387: [GC concurrent-mark-end, 0.0036344 secs]
2020-10-27T23:05:34.373+0800: 1.387: [GC remark, 0.0013256 secs]
2020-10-27T23:05:34.374+0800: 1.388: [GC cleanup 383M->383M(512M), 0.0003166 secs]
2020-10-27T23:05:34.381+0800: 1.394: [GC pause (G1 Evacuation Pause) (young) 411M->374M(512M), 0.0032800 secs]
2020-10-27T23:05:34.389+0800: 1.402: [GC pause (G1 Evacuation Pause) (mixed) 397M->354M(512M), 0.0074368 secs]
2020-10-27T23:05:34.401+0800: 1.414: [GC pause (G1 Evacuation Pause) (mixed) 379M->359M(512M), 0.0033972 secs]
2020-10-27T23:05:34.407+0800: 1.421: [GC pause (G1 Humongous Allocation) (young) (initial-mark) 370M->360M(512M), 0.0026568 secs]
2020-10-27T23:05:34.410+0800: 1.423: [GC concurrent-root-region-scan-start]
2020-10-27T23:05:34.410+0800: 1.423: [GC concurrent-root-region-scan-end, 0.0001297 secs]
2020-10-27T23:05:34.410+0800: 1.423: [GC concurrent-mark-start]
2020-10-27T23:05:34.414+0800: 1.427: [GC concurrent-mark-end, 0.0040201 secs]
2020-10-27T23:05:34.414+0800: 1.428: [GC remark, 0.0013718 secs]
2020-10-27T23:05:34.416+0800: 1.429: [GC cleanup 384M->384M(512M), 0.0003228 secs]
2020-10-27T23:05:34.420+0800: 1.434: [GC pause (G1 Evacuation Pause) (young) 402M->370M(512M), 0.0046508 secs]
2020-10-27T23:05:34.434+0800: 1.448: [GC pause (G1 Evacuation Pause) (mixed) 398M->356M(512M), 0.0094367 secs]
2020-10-27T23:05:34.449+0800: 1.463: [GC pause (G1 Evacuation Pause) (mixed) 381M->363M(512M), 0.0036512 secs]
2020-10-27T23:05:34.453+0800: 1.467: [GC pause (G1 Humongous Allocation) (young) (initial-mark) 365M->363M(512M), 0.0013472 secs]
2020-10-27T23:05:34.455+0800: 1.468: [GC concurrent-root-region-scan-start]
2020-10-27T23:05:34.455+0800: 1.469: [GC concurrent-root-region-scan-end, 0.0000253 secs]
2020-10-27T23:05:34.455+0800: 1.469: [GC concurrent-mark-start]
2020-10-27T23:05:34.460+0800: 1.473: [GC concurrent-mark-end, 0.0047885 secs]
2020-10-27T23:05:34.460+0800: 1.474: [GC remark, 0.0013525 secs]
2020-10-27T23:05:34.461+0800: 1.475: [GC cleanup 382M->382M(512M), 0.0003494 secs]
2020-10-27T23:05:34.466+0800: 1.480: [GC pause (G1 Evacuation Pause) (young) 405M->376M(512M), 0.0036979 secs]
2020-10-27T23:05:34.475+0800: 1.489: [GC pause (G1 Evacuation Pause) (mixed) 405M->361M(512M), 0.0077626 secs]
2020-10-27T23:05:34.484+0800: 1.497: [GC pause (G1 Humongous Allocation) (young) (initial-mark) 364M->362M(512M), 0.0017589 secs]
2020-10-27T23:05:34.486+0800: 1.499: [GC concurrent-root-region-scan-start]
2020-10-27T23:05:34.486+0800: 1.499: [GC concurrent-root-region-scan-end, 0.0001257 secs]
2020-10-27T23:05:34.486+0800: 1.499: [GC concurrent-mark-start]
2020-10-27T23:05:34.491+0800: 1.505: [GC concurrent-mark-end, 0.0054350 secs]
2020-10-27T23:05:34.491+0800: 1.505: [GC remark, 0.0017847 secs]
2020-10-27T23:05:34.493+0800: 1.507: [GC cleanup 374M->374M(512M), 0.0003547 secs]
2020-10-27T23:05:34.499+0800: 1.513: [GC pause (G1 Evacuation Pause) (young) 402M->371M(512M), 0.0042219 secs]
2020-10-27T23:05:34.510+0800: 1.523: [GC pause (G1 Evacuation Pause) (mixed) 396M->364M(512M), 0.0062959 secs]
2020-10-27T23:05:34.517+0800: 1.530: [GC pause (G1 Humongous Allocation) (young) (initial-mark) 368M->366M(512M), 0.0016663 secs]
2020-10-27T23:05:34.518+0800: 1.532: [GC concurrent-root-region-scan-start]
2020-10-27T23:05:34.518+0800: 1.532: [GC concurrent-root-region-scan-end, 0.0001765 secs]
2020-10-27T23:05:34.519+0800: 1.532: [GC concurrent-mark-start]
2020-10-27T23:05:34.524+0800: 1.538: [GC concurrent-mark-end, 0.0058039 secs]
2020-10-27T23:05:34.524+0800: 1.538: [GC remark, 0.0013899 secs]
2020-10-27T23:05:34.526+0800: 1.539: [GC cleanup 388M->388M(512M), 0.0002962 secs]
2020-10-27T23:05:34.530+0800: 1.544: [GC pause (G1 Evacuation Pause) (young) 403M->377M(512M), 0.0032722 secs]
2020-10-27T23:05:34.543+0800: 1.556: [GC pause (G1 Evacuation Pause) (mixed) 403M->364M(512M), 0.0081823 secs]
2020-10-27T23:05:34.551+0800: 1.565: [GC pause (G1 Humongous Allocation) (young) (initial-mark) 365M->364M(512M), 0.0016611 secs]
2020-10-27T23:05:34.553+0800: 1.566: [GC concurrent-root-region-scan-start]
2020-10-27T23:05:34.553+0800: 1.566: [GC concurrent-root-region-scan-end, 0.0000113 secs]
2020-10-27T23:05:34.553+0800: 1.566: [GC concurrent-mark-start]
2020-10-27T23:05:34.557+0800: 1.571: [GC concurrent-mark-end, 0.0042749 secs]
2020-10-27T23:05:34.557+0800: 1.571: [GC remark, 0.0017823 secs]
2020-10-27T23:05:34.559+0800: 1.573: [GC cleanup 385M->385M(512M), 0.0003407 secs]
2020-10-27T23:05:34.564+0800: 1.577: [GC pause (G1 Evacuation Pause) (young) 404M->372M(512M), 0.0031760 secs]
2020-10-27T23:05:34.573+0800: 1.586: [GC pause (G1 Evacuation Pause) (mixed) 397M->366M(512M), 0.0075802 secs]
2020-10-27T23:05:34.581+0800: 1.594: [GC pause (G1 Humongous Allocation) (young) (initial-mark) 368M->366M(512M), 0.0012013 secs]
2020-10-27T23:05:34.582+0800: 1.595: [GC concurrent-root-region-scan-start]
2020-10-27T23:05:34.582+0800: 1.595: [GC concurrent-root-region-scan-end, 0.0000931 secs]
2020-10-27T23:05:34.582+0800: 1.595: [GC concurrent-mark-start]
2020-10-27T23:05:34.586+0800: 1.599: [GC concurrent-mark-end, 0.0036079 secs]
2020-10-27T23:05:34.586+0800: 1.599: [GC remark, 0.0019226 secs]
2020-10-27T23:05:34.588+0800: 1.602: [GC cleanup 386M->386M(512M), 0.0004016 secs]
2020-10-27T23:05:34.592+0800: 1.605: [GC pause (G1 Evacuation Pause) (young) 400M->374M(512M), 0.0028566 secs]
2020-10-27T23:05:34.600+0800: 1.613: [GC pause (G1 Evacuation Pause) (mixed) 401M->366M(512M), 0.0074653 secs]
2020-10-27T23:05:34.608+0800: 1.621: [GC pause (G1 Humongous Allocation) (young) (initial-mark) 368M->367M(512M), 0.0015845 secs]
2020-10-27T23:05:34.609+0800: 1.623: [GC concurrent-root-region-scan-start]
2020-10-27T23:05:34.609+0800: 1.623: [GC concurrent-root-region-scan-end, 0.0000978 secs]
2020-10-27T23:05:34.609+0800: 1.623: [GC concurrent-mark-start]
2020-10-27T23:05:34.613+0800: 1.627: [GC concurrent-mark-end, 0.0037070 secs]
2020-10-27T23:05:34.613+0800: 1.627: [GC remark, 0.0013989 secs]
2020-10-27T23:05:34.615+0800: 1.628: [GC cleanup 392M->392M(512M), 0.0003346 secs]
2020-10-27T23:05:34.618+0800: 1.632: [GC pause (G1 Evacuation Pause) (young) 405M->377M(512M), 0.0032756 secs]
2020-10-27T23:05:34.627+0800: 1.640: [GC pause (G1 Evacuation Pause) (mixed) 407M->372M(512M), 0.0067183 secs]
2020-10-27T23:05:34.634+0800: 1.647: [GC pause (G1 Humongous Allocation) (young) (initial-mark) 375M->373M(512M), 0.0012668 secs]
2020-10-27T23:05:34.635+0800: 1.649: [GC concurrent-root-region-scan-start]
2020-10-27T23:05:34.636+0800: 1.649: [GC concurrent-root-region-scan-end, 0.0001654 secs]
2020-10-27T23:05:34.636+0800: 1.649: [GC concurrent-mark-start]
2020-10-27T23:05:34.640+0800: 1.654: [GC concurrent-mark-end, 0.0047993 secs]
2020-10-27T23:05:34.641+0800: 1.654: [GC remark, 0.0014691 secs]
2020-10-27T23:05:34.642+0800: 1.655: [GC cleanup 395M->395M(512M), 0.0003387 secs]
2020-10-27T23:05:34.644+0800: 1.658: [GC pause (G1 Evacuation Pause) (young) 401M->381M(512M), 0.0027064 secs]
2020-10-27T23:05:34.651+0800: 1.665: [GC pause (G1 Evacuation Pause) (mixed) 409M->372M(512M), 0.0080993 secs]
2020-10-27T23:05:34.661+0800: 1.675: [GC pause (G1 Humongous Allocation) (young) (initial-mark) 375M->372M(512M), 0.0018916 secs]
2020-10-27T23:05:34.663+0800: 1.677: [GC concurrent-root-region-scan-start]
2020-10-27T23:05:34.663+0800: 1.678: [GC concurrent-root-region-scan-end, 0.0001634 secs]
2020-10-27T23:05:34.663+0800: 1.678: [GC concurrent-mark-start]
2020-10-27T23:05:34.668+0800: 1.682: [GC concurrent-mark-end, 0.0045574 secs]
2020-10-27T23:05:34.668+0800: 1.682: [GC remark, 0.0016839 secs]
2020-10-27T23:05:34.670+0800: 1.684: [GC cleanup 394M->394M(512M), 0.0003298 secs]
2020-10-27T23:05:34.672+0800: 1.687: [GC pause (G1 Evacuation Pause) (young) 402M->383M(512M), 0.0027427 secs]
2020-10-27T23:05:34.680+0800: 1.694: [GC pause (G1 Evacuation Pause) (mixed)-- 413M->380M(512M), 0.0082382 secs]
2020-10-27T23:05:34.689+0800: 1.703: [GC pause (G1 Humongous Allocation) (young) (initial-mark) 381M->380M(512M), 0.0011738 secs]
2020-10-27T23:05:34.690+0800: 1.704: [GC concurrent-root-region-scan-start]
2020-10-27T23:05:34.690+0800: 1.704: [GC concurrent-root-region-scan-end, 0.0001455 secs]
2020-10-27T23:05:34.690+0800: 1.704: [GC concurrent-mark-start]
2020-10-27T23:05:34.693+0800: 1.708: [GC concurrent-mark-end, 0.0033813 secs]
2020-10-27T23:05:34.693+0800: 1.708: [GC remark, 0.0014378 secs]
2020-10-27T23:05:34.695+0800: 1.709: [GC cleanup 400M->400M(512M), 0.0003247 secs]
