Java HotSpot(TM) 64-Bit Server VM (25.171-b11) for windows-amd64 JRE (1.8.0_171-b11), built on Mar 28 2018 16:06:12 by "java_re" with MS VC++ 10.0 (VS2010)
Memory: 4k page, physical 8306596k(2335912k free), swap 28229540k(14150540k free)
CommandLine flags: -XX:InitialHeapSize=536870912 -XX:MaxHeapSize=536870912 -XX:+PrintGC -XX:+PrintGCDateStamps -XX:+PrintGCDetails -XX:+PrintGCTimeStamps -XX:+UseCompressedClassPointers -XX:+UseCompressedOops -XX:-UseLargePagesIndividualAllocation -XX:+UseParallelGC 
2020-10-26T00:32:56.912+0800: 0.189: [GC (Allocation Failure) [PSYoungGen: 131584K->21494K(153088K)] 131584K->41540K(502784K), 0.0095599 secs] [Times: user=0.00 sys=0.00, real=0.01 secs] 
2020-10-26T00:32:56.945+0800: 0.224: [GC (Allocation Failure) [PSYoungGen: 153078K->21494K(153088K)] 173124K->77634K(502784K), 0.0143757 secs] [Times: user=0.00 sys=0.06, real=0.02 secs] 
2020-10-26T00:32:56.983+0800: 0.261: [GC (Allocation Failure) [PSYoungGen: 153078K->21489K(153088K)] 209218K->114887K(502784K), 0.0131191 secs] [Times: user=0.05 sys=0.02, real=0.01 secs] 
2020-10-26T00:32:57.021+0800: 0.299: [GC (Allocation Failure) [PSYoungGen: 153073K->21488K(153088K)] 246471K->153952K(502784K), 0.0132533 secs] [Times: user=0.01 sys=0.00, real=0.01 secs] 
2020-10-26T00:32:57.059+0800: 0.337: [GC (Allocation Failure) [PSYoungGen: 153072K->21494K(153088K)] 285536K->190055K(502784K), 0.0128591 secs] [Times: user=0.06 sys=0.00, real=0.01 secs] 
2020-10-26T00:32:57.095+0800: 0.373: [GC (Allocation Failure) [PSYoungGen: 153078K->21490K(80384K)] 321639K->240282K(430080K), 0.0153328 secs] [Times: user=0.06 sys=0.00, real=0.01 secs] 
2020-10-26T00:32:57.121+0800: 0.398: [GC (Allocation Failure) [PSYoungGen: 80370K->33425K(116736K)] 299162K->257083K(466432K), 0.0083285 secs] [Times: user=0.06 sys=0.00, real=0.01 secs] 
2020-10-26T00:32:57.139+0800: 0.417: [GC (Allocation Failure) [PSYoungGen: 92305K->45169K(116736K)] 315963K->274699K(466432K), 0.0105162 secs] [Times: user=0.01 sys=0.01, real=0.01 secs] 
2020-10-26T00:32:57.158+0800: 0.436: [GC (Allocation Failure) [PSYoungGen: 104044K->56087K(116736K)] 333574K->294059K(466432K), 0.0133126 secs] [Times: user=0.06 sys=0.00, real=0.01 secs] 
2020-10-26T00:32:57.182+0800: 0.460: [GC (Allocation Failure) [PSYoungGen: 114967K->40616K(116736K)] 352939K->312119K(466432K), 0.0160745 secs] [Times: user=0.03 sys=0.03, real=0.02 secs] 
2020-10-26T00:32:57.208+0800: 0.486: [GC (Allocation Failure) [PSYoungGen: 99496K->22353K(116736K)] 370999K->332404K(466432K), 0.0130469 secs] [Times: user=0.00 sys=0.00, real=0.01 secs] 
2020-10-26T00:32:57.221+0800: 0.499: [Full GC (Ergonomics) [PSYoungGen: 22353K->0K(116736K)] [ParOldGen: 310050K->238550K(349696K)] 332404K->238550K(466432K), [Metaspace: 2617K->2617K(1056768K)], 0.0510962 secs] [Times: user=0.22 sys=0.02, real=0.05 secs] 
2020-10-26T00:32:57.282+0800: 0.559: [GC (Allocation Failure) [PSYoungGen: 58697K->18718K(116736K)] 297247K->257268K(466432K), 0.0043721 secs] [Times: user=0.06 sys=0.00, real=0.00 secs] 
2020-10-26T00:32:57.296+0800: 0.573: [GC (Allocation Failure) [PSYoungGen: 77598K->19953K(116736K)] 316148K->276614K(466432K), 0.0078316 secs] [Times: user=0.06 sys=0.00, real=0.01 secs] 
2020-10-26T00:32:57.313+0800: 0.590: [GC (Allocation Failure) [PSYoungGen: 78833K->22494K(116736K)] 335494K->298490K(466432K), 0.0084594 secs] [Times: user=0.06 sys=0.00, real=0.01 secs] 
2020-10-26T00:32:57.330+0800: 0.607: [GC (Allocation Failure) [PSYoungGen: 81039K->22962K(116736K)] 357035K->321232K(466432K), 0.0088753 secs] [Times: user=0.06 sys=0.00, real=0.01 secs] 
2020-10-26T00:32:57.349+0800: 0.627: [GC (Allocation Failure) [PSYoungGen: 81832K->19210K(116736K)] 380101K->339787K(466432K), 0.0098149 secs] [Times: user=0.00 sys=0.00, real=0.01 secs] 
2020-10-26T00:32:57.359+0800: 0.637: [Full GC (Ergonomics) [PSYoungGen: 19210K->0K(116736K)] [ParOldGen: 320577K->279399K(349696K)] 339787K->279399K(466432K), [Metaspace: 2617K->2617K(1056768K)], 0.0562375 secs] [Times: user=0.20 sys=0.00, real=0.06 secs] 
2020-10-26T00:32:57.425+0800: 0.703: [GC (Allocation Failure) [PSYoungGen: 58844K->24128K(116736K)] 338244K->303527K(466432K), 0.0052966 secs] [Times: user=0.00 sys=0.00, real=0.01 secs] 
2020-10-26T00:32:57.441+0800: 0.719: [GC (Allocation Failure) [PSYoungGen: 82571K->16579K(116736K)] 361971K->319024K(466432K), 0.0081102 secs] [Times: user=0.00 sys=0.00, real=0.01 secs] 
2020-10-26T00:32:57.458+0800: 0.736: [GC (Allocation Failure) [PSYoungGen: 75459K->20390K(116736K)] 377904K->339313K(466432K), 0.0080191 secs] [Times: user=0.00 sys=0.00, real=0.01 secs] 
2020-10-26T00:32:57.466+0800: 0.744: [Full GC (Ergonomics) [PSYoungGen: 20390K->0K(116736K)] [ParOldGen: 318923K->296850K(349696K)] 339313K->296850K(466432K), [Metaspace: 2617K->2617K(1056768K)], 0.0569557 secs] [Times: user=0.23 sys=0.00, real=0.06 secs] 
2020-10-26T00:32:57.533+0800: 0.810: [GC (Allocation Failure) [PSYoungGen: 58847K->19559K(116736K)] 355697K->316410K(466432K), 0.0045727 secs] [Times: user=0.06 sys=0.00, real=0.00 secs] 
2020-10-26T00:32:57.546+0800: 0.824: [GC (Allocation Failure) [PSYoungGen: 78439K->20485K(116736K)] 375290K->335894K(466432K), 0.0079881 secs] [Times: user=0.06 sys=0.00, real=0.01 secs] 
2020-10-26T00:32:57.555+0800: 0.832: [Full GC (Ergonomics) [PSYoungGen: 20485K->0K(116736K)] [ParOldGen: 315408K->308547K(349696K)] 335894K->308547K(466432K), [Metaspace: 2617K->2617K(1056768K)], 0.0583906 secs] [Times: user=0.20 sys=0.00, real=0.06 secs] 
2020-10-26T00:32:57.623+0800: 0.900: [GC (Allocation Failure) [PSYoungGen: 58835K->17991K(116736K)] 367383K->326538K(466432K), 0.0043290 secs] [Times: user=0.00 sys=0.00, real=0.00 secs] 
2020-10-26T00:32:57.636+0800: 0.913: [GC (Allocation Failure) [PSYoungGen: 76668K->22413K(116736K)] 385215K->348485K(466432K), 0.0100795 secs] [Times: user=0.05 sys=0.02, real=0.01 secs] 
2020-10-26T00:32:57.646+0800: 0.923: [Full GC (Ergonomics) [PSYoungGen: 22413K->0K(116736K)] [ParOldGen: 326072K->317975K(349696K)] 348485K->317975K(466432K), [Metaspace: 2617K->2617K(1056768K)], 0.0616409 secs] [Times: user=0.20 sys=0.00, real=0.06 secs] 
2020-10-26T00:32:57.716+0800: 0.995: [Full GC (Ergonomics) [PSYoungGen: 58333K->0K(116736K)] [ParOldGen: 317975K->317590K(349696K)] 376308K->317590K(466432K), [Metaspace: 2617K->2617K(1056768K)], 0.0684290 secs] [Times: user=0.17 sys=0.02, real=0.07 secs] 
2020-10-26T00:32:57.796+0800: 1.074: [Full GC (Ergonomics) [PSYoungGen: 58345K->0K(116736K)] [ParOldGen: 317590K->318567K(349696K)] 375936K->318567K(466432K), [Metaspace: 2617K->2617K(1056768K)], 0.0673883 secs] [Times: user=0.31 sys=0.00, real=0.07 secs] 
Heap
 PSYoungGen      total 116736K, used 2902K [0x00000000f5580000, 0x0000000100000000, 0x0000000100000000)
  eden space 58880K, 4% used [0x00000000f5580000,0x00000000f5855be0,0x00000000f8f00000)
  from space 57856K, 0% used [0x00000000f8f00000,0x00000000f8f00000,0x00000000fc780000)
  to   space 57856K, 0% used [0x00000000fc780000,0x00000000fc780000,0x0000000100000000)
 ParOldGen       total 349696K, used 318567K [0x00000000e0000000, 0x00000000f5580000, 0x00000000f5580000)
  object space 349696K, 91% used [0x00000000e0000000,0x00000000f3719c68,0x00000000f5580000)
 Metaspace       used 2623K, capacity 4486K, committed 4864K, reserved 1056768K
  class space    used 290K, capacity 386K, committed 512K, reserved 1048576K
