Java HotSpot(TM) 64-Bit Server VM (25.171-b11) for windows-amd64 JRE (1.8.0_171-b11), built on Mar 28 2018 16:06:12 by "java_re" with MS VC++ 10.0 (VS2010)
Memory: 4k page, physical 8306596k(2451812k free), swap 28229540k(12538072k free)
CommandLine flags: -XX:InitialHeapSize=268435456 -XX:MaxHeapSize=268435456 -XX:+PrintGC -XX:+PrintGCDateStamps -XX:+PrintGCDetails -XX:+PrintGCTimeStamps -XX:+UseCompressedClassPointers -XX:+UseCompressedOops -XX:-UseLargePagesIndividualAllocation -XX:+UseSerialGC 
2020-10-26T22:40:05.459+0800: 0.169: [GC (Allocation Failure) 2020-10-26T22:40:05.459+0800: 0.170: [DefNew: 69952K->8704K(78656K), 0.0202284 secs] 69952K->23281K(253440K), 0.0203904 secs] [Times: user=0.00 sys=0.02, real=0.02 secs] 
2020-10-26T22:40:05.495+0800: 0.205: [GC (Allocation Failure) 2020-10-26T22:40:05.495+0800: 0.205: [DefNew: 78656K->8701K(78656K), 0.0246300 secs] 93233K->50424K(253440K), 0.0246874 secs] [Times: user=0.02 sys=0.00, real=0.02 secs] 
2020-10-26T22:40:05.532+0800: 0.243: [GC (Allocation Failure) 2020-10-26T22:40:05.532+0800: 0.243: [DefNew: 78311K->8703K(78656K), 0.0146383 secs] 120034K->71354K(253440K), 0.0146997 secs] [Times: user=0.02 sys=0.00, real=0.01 secs] 
2020-10-26T22:40:05.561+0800: 0.272: [GC (Allocation Failure) 2020-10-26T22:40:05.561+0800: 0.272: [DefNew: 78655K->8702K(78656K), 0.0162790 secs] 141306K->94254K(253440K), 0.0163319 secs] [Times: user=0.00 sys=0.01, real=0.02 secs] 
2020-10-26T22:40:05.590+0800: 0.301: [GC (Allocation Failure) 2020-10-26T22:40:05.590+0800: 0.301: [DefNew: 78654K->8703K(78656K), 0.0206315 secs] 164206K->122084K(253440K), 0.0206942 secs] [Times: user=0.00 sys=0.02, real=0.02 secs] 
2020-10-26T22:40:05.623+0800: 0.334: [GC (Allocation Failure) 2020-10-26T22:40:05.623+0800: 0.334: [DefNew: 78446K->8702K(78656K), 0.0158234 secs] 191826K->144043K(253440K), 0.0158816 secs] [Times: user=0.02 sys=0.00, real=0.02 secs] 
2020-10-26T22:40:05.652+0800: 0.363: [GC (Allocation Failure) 2020-10-26T22:40:05.652+0800: 0.363: [DefNew: 78654K->8703K(78656K), 0.0162898 secs] 213995K->168369K(253440K), 0.0163601 secs] [Times: user=0.02 sys=0.00, real=0.02 secs] 
2020-10-26T22:40:05.682+0800: 0.393: [GC (Allocation Failure) 2020-10-26T22:40:05.682+0800: 0.393: [DefNew: 78655K->78655K(78656K), 0.0000212 secs]2020-10-26T22:40:05.682+0800: 0.393: [Tenured: 159665K->166676K(174784K), 0.0328167 secs] 238321K->166676K(253440K), [Metaspace: 2617K->2617K(1056768K)], 0.0329180 secs] [Times: user=0.03 sys=0.00, real=0.03 secs] 
2020-10-26T22:40:05.729+0800: 0.441: [GC (Allocation Failure) 2020-10-26T22:40:05.729+0800: 0.441: [DefNew: 69952K->69952K(78656K), 0.0000141 secs]2020-10-26T22:40:05.730+0800: 0.441: [Tenured: 166676K->174762K(174784K), 0.0380125 secs] 236628K->178990K(253440K), [Metaspace: 2617K->2617K(1056768K)], 0.0380960 secs] [Times: user=0.03 sys=0.00, real=0.04 secs] 
2020-10-26T22:40:05.782+0800: 0.494: [Full GC (Allocation Failure) 2020-10-26T22:40:05.782+0800: 0.494: [Tenured: 174762K->174736K(174784K), 0.0409534 secs] 253343K->195010K(253440K), [Metaspace: 2617K->2617K(1056768K)], 0.0410353 secs] [Times: user=0.03 sys=0.00, real=0.04 secs] 
2020-10-26T22:40:05.836+0800: 0.548: [Full GC (Allocation Failure) 2020-10-26T22:40:05.836+0800: 0.548: [Tenured: 174736K->174575K(174784K), 0.0428734 secs] 253384K->198691K(253440K), [Metaspace: 2617K->2617K(1056768K)], 0.0429352 secs] [Times: user=0.05 sys=0.00, real=0.04 secs] 
2020-10-26T22:40:05.889+0800: 0.601: [Full GC (Allocation Failure) 2020-10-26T22:40:05.889+0800: 0.601: [Tenured: 174776K->174776K(174784K), 0.0095762 secs] 253428K->215806K(253440K), [Metaspace: 2617K->2617K(1056768K)], 0.0096506 secs] [Times: user=0.02 sys=0.00, real=0.01 secs] 
2020-10-26T22:40:05.905+0800: 0.617: [Full GC (Allocation Failure) 2020-10-26T22:40:05.905+0800: 0.617: [Tenured: 174776K->174149K(174784K), 0.0250527 secs] 252923K->218894K(253440K), [Metaspace: 2617K->2617K(1056768K)], 0.0251548 secs] [Times: user=0.03 sys=0.00, real=0.03 secs] 
2020-10-26T22:40:05.937+0800: 0.648: [Full GC (Allocation Failure) 2020-10-26T22:40:05.937+0800: 0.648: [Tenured: 174778K->174068K(174784K), 0.0354207 secs] 253434K->223174K(253440K), [Metaspace: 2617K->2617K(1056768K)], 0.0354866 secs] [Times: user=0.05 sys=0.00, real=0.03 secs] 
2020-10-26T22:40:05.979+0800: 0.690: [Full GC (Allocation Failure) 2020-10-26T22:40:05.979+0800: 0.690: [Tenured: 174734K->174534K(174784K), 0.0445219 secs] 253341K->219750K(253440K), [Metaspace: 2617K->2617K(1056768K)], 0.0445818 secs] [Times: user=0.05 sys=0.00, real=0.04 secs] 
2020-10-26T22:40:06.031+0800: 0.742: [Full GC (Allocation Failure) 2020-10-26T22:40:06.031+0800: 0.742: [Tenured: 174678K->174678K(174784K), 0.0086107 secs] 253279K->231870K(253440K), [Metaspace: 2617K->2617K(1056768K)], 0.0086814 secs] [Times: user=0.01 sys=0.00, real=0.01 secs] 
2020-10-26T22:40:06.044+0800: 0.756: [Full GC (Allocation Failure) 2020-10-26T22:40:06.044+0800: 0.756: [Tenured: 174750K->174708K(174784K), 0.0221185 secs] 253399K->235825K(253440K), [Metaspace: 2617K->2617K(1056768K)], 0.0221791 secs] [Times: user=0.03 sys=0.00, real=0.02 secs] 
2020-10-26T22:40:06.070+0800: 0.781: [Full GC (Allocation Failure) 2020-10-26T22:40:06.070+0800: 0.781: [Tenured: 174708K->174607K(174784K), 0.0265156 secs] 253318K->236268K(253440K), [Metaspace: 2617K->2617K(1056768K)], 0.0265853 secs] [Times: user=0.02 sys=0.00, real=0.03 secs] 
2020-10-26T22:40:06.099+0800: 0.811: [Full GC (Allocation Failure) 2020-10-26T22:40:06.099+0800: 0.811: [Tenured: 174727K->174610K(174784K), 0.0473827 secs] 253378K->229413K(253440K), [Metaspace: 2617K->2617K(1056768K)], 0.0474491 secs] [Times: user=0.05 sys=0.00, real=0.05 secs] 
2020-10-26T22:40:06.152+0800: 0.863: [Full GC (Allocation Failure) 2020-10-26T22:40:06.152+0800: 0.863: [Tenured: 174610K->174610K(174784K), 0.0104572 secs] 252957K->234735K(253440K), [Metaspace: 2617K->2617K(1056768K)], 0.0105439 secs] [Times: user=0.01 sys=0.00, real=0.01 secs] 
2020-10-26T22:40:06.166+0800: 0.877: [Full GC (Allocation Failure) 2020-10-26T22:40:06.166+0800: 0.877: [Tenured: 174610K->174610K(174784K), 0.0136780 secs] 253173K->240099K(253440K), [Metaspace: 2617K->2617K(1056768K)], 0.0137446 secs] [Times: user=0.02 sys=0.00, real=0.01 secs] 
2020-10-26T22:40:06.182+0800: 0.893: [Full GC (Allocation Failure) 2020-10-26T22:40:06.182+0800: 0.893: [Tenured: 174610K->174657K(174784K), 0.0225740 secs] 252873K->244799K(253440K), [Metaspace: 2617K->2617K(1056768K)], 0.0226312 secs] [Times: user=0.01 sys=0.00, real=0.02 secs] 
2020-10-26T22:40:06.207+0800: 0.918: [Full GC (Allocation Failure) 2020-10-26T22:40:06.207+0800: 0.918: [Tenured: 174657K->174497K(174784K), 0.0499854 secs] 253033K->238518K(253440K), [Metaspace: 2617K->2617K(1056768K)], 0.0500380 secs] [Times: user=0.05 sys=0.00, real=0.05 secs] 
2020-10-26T22:40:06.260+0800: 0.971: [Full GC (Allocation Failure) 2020-10-26T22:40:06.260+0800: 0.971: [Tenured: 174700K->174700K(174784K), 0.0131703 secs] 253287K->242886K(253440K), [Metaspace: 2617K->2617K(1056768K)], 0.0132470 secs] [Times: user=0.02 sys=0.00, real=0.01 secs] 
2020-10-26T22:40:06.275+0800: 0.986: [Full GC (Allocation Failure) 2020-10-26T22:40:06.275+0800: 0.986: [Tenured: 174700K->174700K(174784K), 0.0120995 secs] 253042K->245971K(253440K), [Metaspace: 2617K->2617K(1056768K)], 0.0121819 secs] [Times: user=0.01 sys=0.00, real=0.01 secs] 
2020-10-26T22:40:06.288+0800: 1.000: [Full GC (Allocation Failure) 2020-10-26T22:40:06.288+0800: 1.000: [Tenured: 174700K->174700K(174784K), 0.0128132 secs] 253298K->247386K(253440K), [Metaspace: 2617K->2617K(1056768K)], 0.0128653 secs] [Times: user=0.02 sys=0.00, real=0.01 secs] 
2020-10-26T22:40:06.303+0800: 1.014: [Full GC (Allocation Failure) 2020-10-26T22:40:06.303+0800: 1.014: [Tenured: 174770K->174628K(174784K), 0.0558469 secs] 253424K->243838K(253440K), [Metaspace: 2617K->2617K(1056768K)], 0.0559404 secs] [Times: user=0.05 sys=0.00, real=0.06 secs] 
2020-10-26T22:40:06.363+0800: 1.074: [Full GC (Allocation Failure) 2020-10-26T22:40:06.363+0800: 1.074: [Tenured: 174774K->174774K(174784K), 0.0117563 secs] 253429K->246305K(253440K), [Metaspace: 2617K->2617K(1056768K)], 0.0118151 secs] [Times: user=0.00 sys=0.00, real=0.01 secs] 
2020-10-26T22:40:06.377+0800: 1.088: [Full GC (Allocation Failure) 2020-10-26T22:40:06.377+0800: 1.088: [Tenured: 174774K->174774K(174784K), 0.0021519 secs] 252735K->248138K(253440K), [Metaspace: 2617K->2617K(1056768K)], 0.0022230 secs] [Times: user=0.02 sys=0.00, real=0.00 secs] 
2020-10-26T22:40:06.380+0800: 1.092: [Full GC (Allocation Failure) 2020-10-26T22:40:06.380+0800: 1.092: [Tenured: 174774K->174774K(174784K), 0.0121736 secs] 253408K->250518K(253440K), [Metaspace: 2617K->2617K(1056768K)], 0.0122499 secs] [Times: user=0.00 sys=0.00, real=0.01 secs] 
Heap
 def new generation   total 78656K, used 76261K [0x00000000f0000000, 0x00000000f5550000, 0x00000000f5550000)
  eden space 69952K, 100% used [0x00000000f0000000, 0x00000000f4450000, 0x00000000f4450000)
  from space 8704K,  72% used [0x00000000f4cd0000, 0x00000000f52f94f8, 0x00000000f5550000)
  to   space 8704K,   0% used [0x00000000f4450000, 0x00000000f4450000, 0x00000000f4cd0000)
 tenured generation   total 174784K, used 174774K [0x00000000f5550000, 0x0000000100000000, 0x0000000100000000)
   the space 174784K,  99% used [0x00000000f5550000, 0x00000000ffffd900, 0x00000000ffffda00, 0x0000000100000000)
 Metaspace       used 2623K, capacity 4486K, committed 4864K, reserved 1056768K
  class space    used 290K, capacity 386K, committed 512K, reserved 1048576K
